
> company_website@0.1.0 build
> next build

  Γû▓ Next.js 14.2.15
  - Environments: .env.local

   Creating an optimized production build ...
 Γ£ô Compiled successfully
   Linting and checking validity of types ...
node.exe : 
At line:1 char:1
+ & "C:\Program Files\nodejs/node.exe" 
"C:\Users\11aas\AppData\Roaming\ ...
+ ~~~~~~~~~~~~~~~~~~~~~~~~~~~~~~~~~~~~~~~~~~~~~~~~~~~~~~~~~~~~~
~~~~~~~~
    + CategoryInfo          : NotSpecified: (:String) [], Remo 
   teException
    + FullyQualifiedErrorId : NativeCommandError
 
Failed to compile.

./src/utils/pdfGenerator.ts
44:9  Error: 'accentColor' is assigned a value but never used. 
 @typescript-eslint/no-unused-vars

info  - Need to disable some ESLint rules? Learn more here: 
https://nextjs.org/docs/basic-features/eslint#disabling-rules
